// Jest Snapshot v1, https://goo.gl/fbAQLP

exports[`Loader should render Loader with different height and width and thickness 1`] = `
{
  "asFragment": [Function],
  "baseElement": .c0 {
  position: relative;
  height: 100px;
  width: 100px;
  margin: auto;
}

.c0:before {
  content: '';
  position: absolute;
  -webkit-animation-delay: -0.15s;
  animation-delay: -0.15s;
  width: 80%;
  height: 80%;
  border: 4px solid transparent;
  border-top-color: inherit;
  border-radius: 50%;
  -webkit-animation: spinner 1.2s cubic-bezier(0.5,0,0.5,1) infinite;
  animation: spinner 1.2s cubic-bezier(0.5,0,0.5,1) infinite;
  top: 10%;
  left: 10%;
}

.c0:after {
  content: '';
  position: absolute;
  width: 80%;
  height: 80%;
  border: 4px solid transparent;
  border-top-color: inherit;
  border-radius: 50%;
  -webkit-animation: spinner 1.2s cubic-bezier(0.5,0,0.5,1) infinite;
  animation: spinner 1.2s cubic-bezier(0.5,0,0.5,1) infinite;
  top: 10%;
  left: 10%;
}

.c1 {
  position: absolute;
  top: 0;
  bottom: 0;
  right: 0;
  left: 0;
}

.c1:before {
  content: '';
  position: absolute;
  width: 80%;
  height: 80%;
  border: 4px solid transparent;
  border-top-color: inherit;
  border-radius: 50%;
  -webkit-animation-delay: -0.45s;
  animation-delay: -0.45s;
  -webkit-animation: spinner 1.2s cubic-bezier(0.5,0,0.5,1) infinite;
  animation: spinner 1.2s cubic-bezier(0.5,0,0.5,1) infinite;
  top: 10%;
  left: 10%;
}

.c1:after {
  content: '';
  position: absolute;
  width: 80%;
  height: 80%;
  border: 4px solid transparent;
  border-top-color: inherit;
  border-radius: 50%;
  -webkit-animation-delay: -0.3s;
  animation-delay: -0.3s;
  -webkit-animation: spinner 1.2s cubic-bezier(0.5,0,0.5,1) infinite;
  animation: spinner 1.2s cubic-bezier(0.5,0,0.5,1) infinite;
  top: 10%;
  left: 10%;
}

<body>
    <div>
      <div
        class="c0"
        color="inherit"
        height="100"
        role="progressbar"
        width="100"
      >
        <span
          class="c1"
          color="inherit"
        />
      </div>
    </div>
  </body>,
  "container": .c0 {
  position: relative;
  height: 100px;
  width: 100px;
  margin: auto;
}

.c0:before {
  content: '';
  position: absolute;
  -webkit-animation-delay: -0.15s;
  animation-delay: -0.15s;
  width: 80%;
  height: 80%;
  border: 4px solid transparent;
  border-top-color: inherit;
  border-radius: 50%;
  -webkit-animation: spinner 1.2s cubic-bezier(0.5,0,0.5,1) infinite;
  animation: spinner 1.2s cubic-bezier(0.5,0,0.5,1) infinite;
  top: 10%;
  left: 10%;
}

.c0:after {
  content: '';
  position: absolute;
  width: 80%;
  height: 80%;
  border: 4px solid transparent;
  border-top-color: inherit;
  border-radius: 50%;
  -webkit-animation: spinner 1.2s cubic-bezier(0.5,0,0.5,1) infinite;
  animation: spinner 1.2s cubic-bezier(0.5,0,0.5,1) infinite;
  top: 10%;
  left: 10%;
}

.c1 {
  position: absolute;
  top: 0;
  bottom: 0;
  right: 0;
  left: 0;
}

.c1:before {
  content: '';
  position: absolute;
  width: 80%;
  height: 80%;
  border: 4px solid transparent;
  border-top-color: inherit;
  border-radius: 50%;
  -webkit-animation-delay: -0.45s;
  animation-delay: -0.45s;
  -webkit-animation: spinner 1.2s cubic-bezier(0.5,0,0.5,1) infinite;
  animation: spinner 1.2s cubic-bezier(0.5,0,0.5,1) infinite;
  top: 10%;
  left: 10%;
}

.c1:after {
  content: '';
  position: absolute;
  width: 80%;
  height: 80%;
  border: 4px solid transparent;
  border-top-color: inherit;
  border-radius: 50%;
  -webkit-animation-delay: -0.3s;
  animation-delay: -0.3s;
  -webkit-animation: spinner 1.2s cubic-bezier(0.5,0,0.5,1) infinite;
  animation: spinner 1.2s cubic-bezier(0.5,0,0.5,1) infinite;
  top: 10%;
  left: 10%;
}

<div>
    <div
      class="c0"
      color="inherit"
      height="100"
      role="progressbar"
      width="100"
    >
      <span
        class="c1"
        color="inherit"
      />
    </div>
  </div>,
  "debug": [Function],
  "findAllByAltText": [Function],
  "findAllByDisplayValue": [Function],
  "findAllByLabelText": [Function],
  "findAllByPlaceholderText": [Function],
  "findAllByRole": [Function],
  "findAllByTestId": [Function],
  "findAllByText": [Function],
  "findAllByTitle": [Function],
  "findByAltText": [Function],
  "findByDisplayValue": [Function],
  "findByLabelText": [Function],
  "findByPlaceholderText": [Function],
  "findByRole": [Function],
  "findByTestId": [Function],
  "findByText": [Function],
  "findByTitle": [Function],
  "getAllByAltText": [Function],
  "getAllByDisplayValue": [Function],
  "getAllByLabelText": [Function],
  "getAllByPlaceholderText": [Function],
  "getAllByRole": [Function],
  "getAllByTestId": [Function],
  "getAllByText": [Function],
  "getAllByTitle": [Function],
  "getByAltText": [Function],
  "getByDisplayValue": [Function],
  "getByLabelText": [Function],
  "getByPlaceholderText": [Function],
  "getByRole": [Function],
  "getByTestId": [Function],
  "getByText": [Function],
  "getByTitle": [Function],
  "queryAllByAltText": [Function],
  "queryAllByDisplayValue": [Function],
  "queryAllByLabelText": [Function],
  "queryAllByPlaceholderText": [Function],
  "queryAllByRole": [Function],
  "queryAllByTestId": [Function],
  "queryAllByText": [Function],
  "queryAllByTitle": [Function],
  "queryByAltText": [Function],
  "queryByDisplayValue": [Function],
  "queryByLabelText": [Function],
  "queryByPlaceholderText": [Function],
  "queryByRole": [Function],
  "queryByTestId": [Function],
  "queryByText": [Function],
  "queryByTitle": [Function],
  "rerender": [Function],
  "unmount": [Function],
  "user": {
    "clear": [Function],
    "click": [Function],
    "copy": [Function],
    "cut": [Function],
    "dblClick": [Function],
    "deselectOptions": [Function],
    "hover": [Function],
    "keyboard": [Function],
    "paste": [Function],
    "pointer": [Function],
    "selectOptions": [Function],
    "setup": [Function],
    "tab": [Function],
    "tripleClick": [Function],
    "type": [Function],
    "unhover": [Function],
    "upload": [Function],
  },
}
`;
